2026-03-09T11:08:28.977Z INFO   Release tool started
  CMD: flags: {"dryRun":true,"verbose":false,"noColor":true,"logDir":"/Users/talazzeh/ui-workspace/auto_release/release-logs","lockPath":"/tmp/release-tool-ZMac-JLQKN2HKC0.local.lock","repoOverride":"ui-base"}
2026-03-09T11:08:28.996Z INFO   Engineer: 122722553+tazzeh-atypon@users.noreply.github.com
2026-03-09T11:08:28.996Z INFO   Repo override via --repo flag: ui-base
2026-03-09T11:08:29.002Z INFO   Path check: ui-base → /Users/talazzeh/ui-workspace/ui-base (OK)
2026-03-09T11:08:29.002Z INFO   Path check: ui-core → /Users/talazzeh/ui-workspace/ui-core (OK)
2026-03-09T11:08:29.002Z INFO   Path check: ui-theme-eureka → /Users/talazzeh/ui-workspace/ui-theme-eureka (OK)
2026-03-09T11:08:29.002Z INFO   Path check: ui-theme-classic → /Users/talazzeh/ui-workspace/ui-theme-classic (OK)
2026-03-09T11:08:29.002Z INFO   Path check: ui-theme-photo → /Users/talazzeh/ui-workspace/ui-theme-photo (OK)
2026-03-09T11:08:29.002Z INFO   Selected repos: ui-base, ui-core, ui-theme-eureka, ui-theme-classic, ui-theme-photo
2026-03-09T11:08:29.002Z INFO  [ui-base] Processing repo: ui-base
2026-03-09T11:08:29.002Z WARN  [ui-base] ui-base selected — reminder: cannot be used directly in products
2026-03-09T11:08:29.278Z INFO  [ui-base] Selected tracks: 
2026-03-09T11:08:29.278Z INFO  [ui-base] No tracks selected
2026-03-09T11:08:29.278Z INFO  [ui-core] Processing repo: ui-core
2026-03-09T11:08:38.042Z INFO   Release tool started
  CMD: flags: {"dryRun":true,"verbose":false,"noColor":true,"logDir":"/Users/talazzeh/ui-workspace/auto_release/release-logs","lockPath":"/tmp/release-tool-ZMac-JLQKN2HKC0.local.lock","repoOverride":"ui-theme-photo"}
2026-03-09T11:08:38.060Z INFO   Engineer: 122722553+tazzeh-atypon@users.noreply.github.com
2026-03-09T11:08:38.061Z INFO   Repo override via --repo flag: ui-theme-photo
2026-03-09T11:08:38.061Z INFO   Path check: ui-theme-photo → /Users/talazzeh/ui-workspace/ui-theme-photo (OK)
2026-03-09T11:08:38.061Z INFO   Selected repos: ui-theme-photo
2026-03-09T11:08:38.062Z INFO  [ui-theme-photo] Processing repo: ui-theme-photo
2026-03-09T11:08:38.757Z INFO  [ui-theme-photo] Selected tracks: 
2026-03-09T11:08:38.757Z INFO  [ui-theme-photo] No tracks selected
2026-03-09T11:08:38.832Z INFO   Release tool started
  CMD: flags: {"dryRun":true,"verbose":false,"noColor":true,"logDir":"/Users/talazzeh/ui-workspace/auto_release/release-logs","lockPath":"/tmp/release-tool-ZMac-JLQKN2HKC0.local.lock","repoOverride":"ui-article"}
2026-03-09T11:08:38.851Z INFO   Engineer: 122722553+tazzeh-atypon@users.noreply.github.com
2026-03-09T11:08:38.851Z INFO   Repo override via --repo flag: ui-article
2026-03-09T11:08:38.852Z INFO   Path check: ui-article → /Users/talazzeh/ui-workspace/ui-article (OK)
2026-03-09T11:08:38.852Z INFO   Selected repos: ui-article
2026-03-09T11:08:38.852Z INFO  [ui-article] Processing repo: ui-article
