2026-03-09T11:29:31Z DRY-RUN git checkout develop
2026-03-09T11:29:31Z DRY-RUN git pull
2026-03-09T11:29:31Z DRY-RUN git fetch --tags
2026-03-09T11:29:31Z WARN  Working tree has uncommitted changes:
2026-03-09T11:29:31Z WARN  Repo aborted
2026-03-09T11:29:31Z DRY-RUN git checkout develop
2026-03-09T11:29:31Z DRY-RUN git pull
2026-03-09T11:29:31Z DRY-RUN git fetch --tags
2026-03-09T11:29:32Z WARN  No tracks selected. Skipping ui-theme-photo.
2026-03-09T11:29:32Z DRY-RUN git checkout develop
2026-03-09T11:29:32Z DRY-RUN git pull
2026-03-09T11:29:32Z DRY-RUN git fetch --tags
2026-03-09T11:29:33Z WARN  No tracks selected. Skipping ui-theme-classic.
2026-03-09T11:29:33Z DRY-RUN git checkout develop
2026-03-09T11:29:33Z DRY-RUN git pull
2026-03-09T11:29:33Z DRY-RUN git fetch --tags
2026-03-09T11:29:33Z WARN  No tracks selected. Skipping ui-theme-nextgen.
2026-03-09T11:29:33Z DRY-RUN git checkout develop
2026-03-09T11:29:33Z DRY-RUN git pull
2026-03-09T11:29:33Z DRY-RUN git fetch --tags
2026-03-09T11:29:34Z WARN  No tracks selected. Skipping ui-products.
